---
source: common/src/game.rs
expression: game
---
setup_game_options:
  rounds: 5
  deterministic: true
  start_round: 3
secret_key: mysecretkey
players:
  p1:
    id: p1
    encrypted_hand: "[encrypted_hand]"
    num_cards: 0
    role: Leader
  p2:
    id: p2
    encrypted_hand: "[encrypted_hand]"
    num_cards: 0
    role: Player
curr_round: 3
trump: heart
player_order:
  - p1
  - p2
curr_played_cards:
  - id: 38
    suit: club
    value: 14
    played_by: p2
  - id: 51
    suit: spade
    value: 14
    played_by: p1
curr_player_turn: p2
curr_winning_card:
  id: 38
  suit: club
  value: 14
  played_by: p2
curr_dealer: p1
bids:
  p1: 0
  p2: 0
bid_order:
  - - p2
    - 0
  - - p1
    - 0
wins:
  p1: 0
  p2: 1
score:
  p1: 0
  p2: 0
gameplay_state:
  PostHand:
    hand_num: 1
event_log:
  - username: p1
    message:
      action:
        startgame:
          rounds: 5
          deterministic: true
          start_round: 3
    timestamp: "[event_timestamp]"
  - username: p2
    message:
      action:
        bid: 0
    timestamp: "[event_timestamp]"
  - username: p1
    message:
      action:
        bid: 0
    timestamp: "[event_timestamp]"
  - username: p2
    message:
      action:
        playcard:
          id: 38
          suit: club
          value: 14
          played_by: p2
    timestamp: "[event_timestamp]"
  - username: p1
    message:
      action:
        playcard:
          id: 51
          suit: spade
          value: 14
          played_by: p1
    timestamp: "[event_timestamp]"
system_status: []
